// Jest Snapshot v1, https://goo.gl/fbAQLP

exports[`<RepoItem /> renders correctly 1`] = `
<div
  class="py-3 px-5 rounded shadow hover:shadow-md"
>
  <a
    class="group block"
    href="/google/github-profile"
  >
    <span
      class="inline-flex pb-1 mb-2 text-2xl text-indigo-500 border-b border-transparent group-hover:border-indigo-300"
      data-testid="repo-info-name"
    >
      github-profile
    </span>
    <p
      class="mb-5"
      data-testid="repo-info-description"
    >
      Lorem ipsum dolor sit amet
    </p>
  </a>
  <div
    class="flex mt-2 space-x-3"
  >
    <span
      class="inline-flex items-center py-0.5 px-2.5 text-gray-500 bg-white rounded border"
    >
      <svg
        class="mr-2"
        fill="none"
        height="1em"
        stroke="currentColor"
        stroke-linecap="round"
        stroke-linejoin="round"
        stroke-width="2"
        viewBox="0 0 24 24"
        width="1em"
        xmlns="http://www.w3.org/2000/svg"
      >
        <polygon
          points="12 2 15.09 8.26 22 9.27 17 14.14 18.18 21.02 12 17.77 5.82 21.02 7 14.14 2 9.27 8.91 8.26 12 2"
        />
      </svg>
      <span
        data-stargazers-count="true"
      >
        1000
      </span>
    </span>
    <span
      class="inline-flex items-center py-0.5 px-2.5 text-gray-500 bg-white rounded border"
    >
      <svg
        class="mr-2"
        fill="none"
        height="1em"
        stroke="currentColor"
        stroke-linecap="round"
        stroke-linejoin="round"
        stroke-width="2"
        viewBox="0 0 24 24"
        width="1em"
        xmlns="http://www.w3.org/2000/svg"
      >
        <line
          x1="6"
          x2="6"
          y1="3"
          y2="15"
        />
        <circle
          cx="18"
          cy="6"
          r="3"
        />
        <circle
          cx="6"
          cy="18"
          r="3"
        />
        <path
          d="M18 9a9 9 0 0 1-9 9"
        />
      </svg>
      <span
        data-forks-count="true"
      >
        200
      </span>
    </span>
  </div>
</div>
`;
